src/app/(auth)/actions.ts(52,19): error TS2339: Property 'get' does not exist on type 'Promise<ReadonlyHeaders>'.
src/app/(auth)/actions.ts(53,18): error TS2339: Property 'get' does not exist on type 'Promise<ReadonlyHeaders>'.
src/app/(auth)/actions.ts(53,47): error TS2339: Property 'get' does not exist on type 'Promise<ReadonlyHeaders>'.
src/app/(auth)/actions.ts(100,13): error TS2345: Argument of type '{ marketing_opt_in: boolean; }' is not assignable to parameter of type 'never'.
src/app/account/addresses/page.tsx(38,22): error TS2339: Property 'id' does not exist on type 'never'.
src/app/account/addresses/page.tsx(41,41): error TS2339: Property 'label' does not exist on type 'never'.
src/app/account/addresses/page.tsx(42,50): error TS2339: Property 'recipient_name' does not exist on type 'never'.
src/app/account/addresses/page.tsx(43,55): error TS2339: Property 'line1' does not exist on type 'never'.
src/app/account/addresses/page.tsx(44,18): error TS2339: Property 'line2' does not exist on type 'never'.
src/app/account/addresses/page.tsx(44,66): error TS2339: Property 'line2' does not exist on type 'never'.
src/app/account/addresses/page.tsx(46,20): error TS2339: Property 'city' does not exist on type 'never'.
src/app/account/addresses/page.tsx(47,20): error TS2339: Property 'region' does not exist on type 'never'.
src/app/account/addresses/page.tsx(47,36): error TS2339: Property 'region' does not exist on type 'never'.
src/app/account/addresses/page.tsx(49,60): error TS2339: Property 'country' does not exist on type 'never'.
src/app/account/layout.tsx(30,63): error TS2339: Property 'split' does not exist on type '{}'.
src/app/account/orders/page.tsx(36,24): error TS2339: Property 'id' does not exist on type 'never'.
src/app/account/orders/page.tsx(39,58): error TS2339: Property 'order_number' does not exist on type 'never'.
src/app/account/orders/page.tsx(43,69): error TS2339: Property 'placed_at' does not exist on type 'never'.
src/app/account/orders/page.tsx(47,69): error TS2339: Property 'status' does not exist on type 'never'.
src/app/account/orders/page.tsx(52,37): error TS2339: Property 'total_cents' does not exist on type 'never'.
src/app/account/orders/page.tsx(52,64): error TS2339: Property 'currency' does not exist on type 'never'.
src/app/account/page.tsx(20,32): error TS2322: Type '{}' is not assignable to type 'string'.
src/app/account/page.tsx(21,31): error TS2322: Type '{}' is not assignable to type 'string'.
src/app/account/page.tsx(22,32): error TS2322: Type '{}' is not assignable to type 'string'.
src/app/account/profile/page.tsx(22,28): error TS2322: Type '{}' is not assignable to type 'string'.
src/app/account/profile/page.tsx(23,32): error TS2322: Type '{}' is not assignable to type 'string'.
src/app/account/profile/page.tsx(24,28): error TS2322: Type '{}' is not assignable to type 'string'.
src/app/admin/page.tsx(88,22): error TS2488: Type 'PostgrestSingleResponse<never[]>' must have a '[Symbol.iterator]()' method that returns an iterator.
src/app/admin/page.tsx(160,40): error TS2339: Property 'id' does not exist on type 'never'.
src/app/collections/[slug]/page.tsx(34,23): error TS2339: Property 'name' does not exist on type 'never'.
src/app/collections/[slug]/page.tsx(35,29): error TS2339: Property 'description' does not exist on type 'never'.
src/app/collections/[slug]/page.tsx(35,62): error TS2339: Property 'name' does not exist on type 'never'.
src/app/collections/[slug]/page.tsx(37,28): error TS2339: Property 'name' does not exist on type 'never'.
src/app/collections/[slug]/page.tsx(38,31): error TS2339: Property 'description' does not exist on type 'never'.
src/app/collections/[slug]/page.tsx(39,26): error TS2339: Property 'hero_image_url' does not exist on type 'never'.
src/app/collections/[slug]/page.tsx(40,45): error TS2339: Property 'hero_image_url' does not exist on type 'never'.
src/app/collections/[slug]/page.tsx(71,32): error TS2339: Property 'hero_image_url' does not exist on type 'never'.
src/app/collections/[slug]/page.tsx(72,33): error TS2339: Property 'hero_image_url' does not exist on type 'never'.
src/app/collections/[slug]/page.tsx(82,31): error TS2339: Property 'name' does not exist on type 'never'.
src/app/collections/[slug]/page.tsx(94,27): error TS2339: Property 'subtitle' does not exist on type 'never'.
src/app/collections/[slug]/page.tsx(96,96): error TS2339: Property 'name' does not exist on type 'never'.
src/app/collections/[slug]/page.tsx(97,25): error TS2339: Property 'description' does not exist on type 'never'.
src/app/collections/[slug]/page.tsx(99,29): error TS2339: Property 'description' does not exist on type 'never'.
src/app/collections/category/[slug]/page.tsx(31,21): error TS2339: Property 'name' does not exist on type 'never'.
src/app/collections/category/[slug]/page.tsx(32,27): error TS2339: Property 'description' does not exist on type 'never'.
src/app/collections/category/[slug]/page.tsx(32,59): error TS2339: Property 'name' does not exist on type 'never'.
src/app/collections/category/[slug]/page.tsx(66,100): error TS2339: Property 'name' does not exist on type 'never'.
src/app/collections/category/[slug]/page.tsx(67,19): error TS2339: Property 'description' does not exist on type 'never'.
src/app/collections/category/[slug]/page.tsx(69,23): error TS2339: Property 'description' does not exist on type 'never'.
src/app/collections/page.tsx(32,17): error TS2339: Property 'id' does not exist on type 'never'.
src/app/collections/page.tsx(33,19): error TS2339: Property 'name' does not exist on type 'never'.
src/app/collections/page.tsx(34,19): error TS2339: Property 'slug' does not exist on type 'never'.
src/app/collections/page.tsx(35,23): error TS2339: Property 'subtitle' does not exist on type 'never'.
src/app/collections/page.tsx(36,26): error TS2339: Property 'description' does not exist on type 'never'.
src/app/collections/page.tsx(37,28): error TS2339: Property 'hero_image_url' does not exist on type 'never'.
src/app/collections/shop/page.tsx(70,19): error TS2339: Property 'id' does not exist on type 'never'.
src/app/collections/shop/page.tsx(71,21): error TS2339: Property 'name' does not exist on type 'never'.
src/app/collections/shop/page.tsx(72,21): error TS2339: Property 'slug' does not exist on type 'never'.
src/app/collections/shop/page.tsx(73,46): error TS2339: Property 'slug' does not exist on type 'never'.
src/app/collections/shop/page.tsx(81,19): error TS2339: Property 'id' does not exist on type 'never'.
src/app/collections/shop/page.tsx(82,21): error TS2339: Property 'name' does not exist on type 'never'.
src/app/collections/shop/page.tsx(83,21): error TS2339: Property 'slug' does not exist on type 'never'.
src/app/collections/shop/page.tsx(84,25): error TS2339: Property 'subtitle' does not exist on type 'never'.
src/app/collections/shop/page.tsx(85,28): error TS2339: Property 'description' does not exist on type 'never'.
src/app/collections/shop/page.tsx(86,30): error TS2339: Property 'hero_image_url' does not exist on type 'never'.
src/app/page.tsx(58,23): error TS2339: Property 'name' does not exist on type 'never'.
src/app/page.tsx(61,13): error TS2339: Property 'id' does not exist on type 'never'.
src/app/page.tsx(62,15): error TS2339: Property 'name' does not exist on type 'never'.
src/app/page.tsx(63,15): error TS2339: Property 'slug' does not exist on type 'never'.
src/app/page.tsx(64,27): error TS2339: Property 'id' does not exist on type 'never'.
src/app/page.tsx(65,40): error TS2339: Property 'slug' does not exist on type 'never'.
src/app/page.tsx(69,46): error TS2339: Property 'kind' does not exist on type 'never'.
src/app/page.tsx(70,36): error TS2339: Property 'subtitle' does not exist on type 'never'.
src/app/page.tsx(71,34): error TS2339: Property 'title' does not exist on type 'never'.
src/app/page.tsx(73,18): error TS2339: Property 'body' does not exist on type 'never'.
src/app/page.tsx(75,34): error TS2339: Property 'image_url' does not exist on type 'never'.
src/app/page.tsx(76,37): error TS2339: Property 'cta_label' does not exist on type 'never'.
src/app/page.tsx(77,36): error TS2339: Property 'cta_href' does not exist on type 'never'.
src/app/page.tsx(107,17): error TS2339: Property 'id' does not exist on type 'never'.
src/app/page.tsx(108,19): error TS2339: Property 'name' does not exist on type 'never'.
src/app/page.tsx(109,19): error TS2339: Property 'slug' does not exist on type 'never'.
src/app/page.tsx(110,23): error TS2339: Property 'subtitle' does not exist on type 'never'.
src/app/page.tsx(111,26): error TS2339: Property 'description' does not exist on type 'never'.
src/app/page.tsx(112,28): error TS2339: Property 'hero_image_url' does not exist on type 'never'.
src/app/products/[slug]/page.tsx(25,23): error TS2339: Property 'images' does not exist on type 'never'.
src/app/products/[slug]/page.tsx(30,17): error TS2339: Property 'name' does not exist on type 'never'.
src/app/products/[slug]/page.tsx(31,23): error TS2339: Property 'short_description' does not exist on type 'never'.
src/app/products/[slug]/page.tsx(31,49): error TS2339: Property 'full_description' does not exist on type 'never'.
src/app/products/[slug]/page.tsx(31,77): error TS2339: Property 'name' does not exist on type 'never'.
src/app/products/[slug]/page.tsx(33,22): error TS2339: Property 'name' does not exist on type 'never'.
src/app/products/[slug]/page.tsx(34,25): error TS2339: Property 'short_description' does not exist on type 'never'.
src/app/products/[slug]/page.tsx(36,110): error TS2339: Property 'name' does not exist on type 'never'.
src/app/products/[slug]/page.tsx(48,26): error TS2339: Property 'variants' does not exist on type 'never'.
src/app/products/[slug]/page.tsx(80,24): error TS2339: Property 'images' does not exist on type 'never'.
src/app/products/[slug]/page.tsx(86,53): error TS2339: Property 'id' does not exist on type 'never'.
src/app/products/[slug]/page.tsx(88,49): error TS2339: Property 'id' does not exist on type 'never'.
src/app/products/[slug]/page.tsx(88,58): error TS2339: Property 'category_id' does not exist on type 'never'.
src/app/products/[slug]/page.tsx(103,16): error TS2339: Property 'name' does not exist on type 'never'.
src/app/products/[slug]/page.tsx(104,23): error TS2339: Property 'short_description' does not exist on type 'never'.
src/app/products/[slug]/page.tsx(104,49): error TS2339: Property 'full_description' does not exist on type 'never'.
src/app/products/[slug]/page.tsx(110,45): error TS2339: Property 'price_cents' does not exist on type 'never'.
src/app/products/[slug]/page.tsx(111,27): error TS2339: Property 'currency' does not exist on type 'never'.
src/app/products/[slug]/page.tsx(130,17): error TS2339: Property 'category' does not exist on type 'never'.
src/app/products/[slug]/page.tsx(134,59): error TS2339: Property 'category' does not exist on type 'never'.
src/app/products/[slug]/page.tsx(135,25): error TS2339: Property 'category' does not exist on type 'never'.
src/app/products/[slug]/page.tsx(144,59): error TS2339: Property 'name' does not exist on type 'never'.
src/app/products/[slug]/page.tsx(149,24): error TS2339: Property 'id' does not exist on type 'never'.
src/app/products/[slug]/page.tsx(150,26): error TS2339: Property 'slug' does not exist on type 'never'.
src/app/products/[slug]/page.tsx(151,26): error TS2339: Property 'name' does not exist on type 'never'.
src/app/products/[slug]/page.tsx(152,38): error TS2339: Property 'short_description' does not exist on type 'never'.
src/app/products/[slug]/page.tsx(153,37): error TS2339: Property 'full_description' does not exist on type 'never'.
src/app/products/[slug]/page.tsx(154,32): error TS2339: Property 'category_id' does not exist on type 'never'.
src/app/products/[slug]/page.tsx(155,32): error TS2339: Property 'price_cents' does not exist on type 'never'.
src/app/products/[slug]/page.tsx(156,41): error TS2339: Property 'compare_at_price_cents' does not exist on type 'never'.
src/app/products/[slug]/page.tsx(157,30): error TS2339: Property 'currency' does not exist on type 'never'.
src/app/products/[slug]/page.tsx(158,38): error TS2339: Property 'care_instructions' does not exist on type 'never'.
src/app/products/[slug]/page.tsx(159,30): error TS2339: Property 'fit_notes' does not exist on type 'never'.
src/app/products/[slug]/page.tsx(173,22): error TS2339: Property 'name' does not exist on type 'never'.
src/app/products/[slug]/page.tsx(174,33): error TS2339: Property 'full_description' does not exist on type 'never'.
src/app/products/[slug]/page.tsx(175,34): error TS2339: Property 'care_instructions' does not exist on type 'never'.
src/app/products/[slug]/page.tsx(176,26): error TS2339: Property 'fit_notes' does not exist on type 'never'.
src/components/storefront/filter-bar.tsx(204,35): error TS7006: Parameter 'c' implicitly has an 'any' type.
src/components/ui/checkbox.tsx(4,36): error TS2307: Cannot find module '@radix-ui/react-checkbox' or its corresponding type declarations.
src/lib/admin/actions/delivery.ts(33,7): error TS2353: Object literal may only specify known properties, and 'name' does not exist in type 'never[]'.
src/lib/admin/actions/delivery.ts(45,20): error TS2339: Property 'id' does not exist on type 'never'.
src/lib/admin/actions/delivery.ts(49,39): error TS2339: Property 'id' does not exist on type 'never'.
src/lib/admin/actions/delivery.ts(64,13): error TS2345: Argument of type '{ name: string; country: string; region: string | null; is_active: boolean; sort_order: number; }' is not assignable to parameter of type 'never'.
src/lib/admin/actions/delivery.ts(128,7): error TS2353: Object literal may only specify known properties, and 'zone_id' does not exist in type 'never[]'.
src/lib/admin/actions/delivery.ts(144,19): error TS2339: Property 'id' does not exist on type 'never'.
src/lib/admin/actions/delivery.ts(148,38): error TS2339: Property 'id' does not exist on type 'never'.
src/lib/admin/actions/delivery.ts(167,13): error TS2345: Argument of type '{ zone_id: string; name: string; description: string | null; price_cents: number; free_threshold_cents: number | null; eta_min_days: number | null; eta_max_days: number | null; is_active: boolean; sort_order: number; }' is not assignable to parameter of type 'never'.
src/lib/admin/actions/discounts.ts(79,7): error TS2353: Object literal may only specify known properties, and 'created_by' does not exist in type 'never[]'.
src/lib/admin/actions/discounts.ts(87,20): error TS2339: Property 'id' does not exist on type 'never'.
src/lib/admin/actions/discounts.ts(91,39): error TS2339: Property 'id' does not exist on type 'never'.
src/lib/admin/actions/discounts.ts(109,13): error TS2345: Argument of type '{ code: string; description: string | null; kind: "percentage" | "fixed_amount"; applies_to: "product" | "order" | "shipping"; value: number; min_subtotal_cents: number | null; max_redemptions: number | null; starts_at: string | null; ends_at: string | null; is_active: boolean; }' is not assignable to parameter of type 'never'.
src/lib/admin/actions/discounts.ts(127,66): error TS2345: Argument of type '{ is_active: boolean; }' is not assignable to parameter of type 'never'.
src/lib/admin/actions/discounts.ts(144,66): error TS2345: Argument of type '{ is_active: boolean; }' is not assignable to parameter of type 'never'.
src/lib/admin/actions/homepage.ts(62,42): error TS2353: Object literal may only specify known properties, and 'slug' does not exist in type 'never[]'.
src/lib/admin/actions/homepage.ts(69,20): error TS2339: Property 'id' does not exist on type 'never'.
src/lib/admin/actions/homepage.ts(74,39): error TS2339: Property 'id' does not exist on type 'never'.
src/lib/admin/actions/homepage.ts(96,13): error TS2345: Argument of type '{ slug: string; kind: "hero" | "category_grid" | "collection_feature" | "editorial" | "product_grid"; title: string | null; subtitle: string | null; body: string | null; image_url: string | null; ... 5 more ...; ends_at: string | null; }' is not assignable to parameter of type 'never'.
src/lib/admin/actions/homepage.ts(117,13): error TS2345: Argument of type '{ is_active: boolean; }' is not assignable to parameter of type 'never'.
src/lib/admin/actions/homepage.ts(143,17): error TS2345: Argument of type '{ display_order: number; }' is not assignable to parameter of type 'never'.
src/lib/admin/actions/homepage.ts(211,13): error TS2345: Argument of type '{ image_url: string; }' is not assignable to parameter of type 'never'.
src/lib/admin/actions/homepage.ts(218,15): error TS2339: Property 'image_url' does not exist on type 'never'.
src/lib/admin/actions/homepage.ts(218,36): error TS2339: Property 'image_url' does not exist on type 'never'.
src/lib/admin/actions/homepage.ts(219,26): error TS2339: Property 'image_url' does not exist on type 'never'.
src/lib/admin/actions/inventory.ts(42,61): error TS2345: Argument of type '"apply_inventory_movement"' is not assignable to parameter of type '"is_admin" | "is_staff_or_admin" | "current_user_role"'.
src/lib/admin/actions/orders.ts(72,45): error TS2345: Argument of type '"record_order_status_change"' is not assignable to parameter of type '"is_admin" | "is_staff_or_admin" | "current_user_role"'.
src/lib/admin/actions/orders.ts(95,50): error TS2345: Argument of type '"apply_inventory_movement"' is not assignable to parameter of type '"is_admin" | "is_staff_or_admin" | "current_user_role"'.
src/lib/admin/actions/products.ts(39,55): error TS2339: Property 'slug' does not exist on type 'never'.
src/lib/admin/actions/products.ts(99,45): error TS2339: Property 'slug' does not exist on type 'never'.
src/lib/admin/actions/products.ts(121,24): error TS2353: Object literal may only specify known properties, and 'slug' does not exist in type 'never[]'.
src/lib/admin/actions/products.ts(130,15): error TS2345: Argument of type '{ product_id: any; sku: string; stock_quantity: number; reserved_quantity: number; low_stock_threshold: number; is_active: boolean; position: number; id?: string | undefined; size?: string | null | undefined; ... 8 more ...; weight_grams?: number | ... 1 more ... | undefined; }[]' is not assignable to parameter of type 'never[]'.
  Type '{ product_id: any; sku: string; stock_quantity: number; reserved_quantity: number; low_stock_threshold: number; is_active: boolean; position: number; id?: string | undefined; size?: string | null | undefined; ... 8 more ...; weight_grams?: number | ... 1 more ... | undefined; }' is not assignable to type 'never'.
src/lib/admin/actions/products.ts(130,64): error TS2339: Property 'id' does not exist on type 'never'.
src/lib/admin/actions/products.ts(138,23): error TS2339: Property 'id' does not exist on type 'never'.
src/lib/admin/actions/products.ts(142,45): error TS2339: Property 'id' does not exist on type 'never'.
src/lib/admin/actions/products.ts(143,42): error TS2339: Property 'id' does not exist on type 'never'.
src/lib/admin/actions/products.ts(166,13): error TS2345: Argument of type '{ slug: string; is_active: boolean; name: string; price_cents: number; currency: string; is_featured: boolean; id?: string | undefined; compare_at_price_cents?: number | null | undefined; ... 7 more ...; published_at?: string | ... 1 more ... | undefined; }' is not assignable to parameter of type 'never'.
src/lib/admin/actions/products.ts(181,17): error TS2345: Argument of type '{ product_id: string; sku: string; stock_quantity: number; reserved_quantity: number; low_stock_threshold: number; is_active: boolean; position: number; id?: string | undefined; size?: string | null | undefined; ... 8 more ...; weight_grams?: number | ... 1 more ... | undefined; }[]' is not assignable to parameter of type 'never[]'.
  Type '{ product_id: string; sku: string; stock_quantity: number; reserved_quantity: number; low_stock_threshold: number; is_active: boolean; position: number; id?: string | undefined; size?: string | null | undefined; ... 8 more ...; weight_grams?: number | ... 1 more ... | undefined; }' is not assignable to type 'never'.
src/lib/admin/actions/products.ts(203,13): error TS2345: Argument of type '{ is_active: boolean; published_at: null; }' is not assignable to parameter of type 'never'.
src/lib/admin/actions/products.ts(218,13): error TS2345: Argument of type '{ is_active: boolean; published_at: string; }' is not assignable to parameter of type 'never'.
src/lib/admin/actions/products.ts(233,13): error TS2345: Argument of type '{ is_active: boolean; }' is not assignable to parameter of type 'never'.
src/lib/admin/actions/products.ts(291,15): error TS2345: Argument of type '{ is_cover: boolean; }' is not assignable to parameter of type 'never'.
src/lib/admin/actions/products.ts(297,7): error TS2353: Object literal may only specify known properties, and 'product_id' does not exist in type 'never[]'.
src/lib/admin/actions/products.ts(313,30): error TS2339: Property 'id' does not exist on type 'never'.
src/lib/admin/actions/products.ts(316,38): error TS2339: Property 'id' does not exist on type 'never'.
src/lib/admin/actions/products.ts(333,25): error TS2339: Property 'storage_path' does not exist on type 'never'.
src/lib/admin/actions/products.ts(337,19): error TS2339: Property 'product_id' does not exist on type 'never'.
src/lib/admin/actions/products.ts(338,58): error TS2339: Property 'storage_path' does not exist on type 'never'.
src/lib/admin/actions/products.ts(340,41): error TS2339: Property 'product_id' does not exist on type 'never'.
src/lib/admin/actions/products.ts(388,13): error TS2345: Argument of type '{ is_cover: boolean; }' is not assignable to parameter of type 'never'.
src/lib/admin/actions/products.ts(389,27): error TS2339: Property 'product_id' does not exist on type 'never'.
src/lib/admin/actions/products.ts(390,48): error TS2345: Argument of type '{ is_cover: boolean; }' is not assignable to parameter of type 'never'.
src/lib/admin/actions/products.ts(394,19): error TS2339: Property 'product_id' does not exist on type 'never'.
src/lib/admin/actions/products.ts(397,41): error TS2339: Property 'product_id' does not exist on type 'never'.
src/lib/admin/actions/products.ts(416,13): error TS2345: Argument of type '{ alt_text: string; }' is not assignable to parameter of type 'never'.
src/lib/admin/actions/products.ts(422,19): error TS2339: Property 'product_id' does not exist on type 'never'.
src/lib/admin/actions/products.ts(425,41): error TS2339: Property 'product_id' does not exist on type 'never'.
src/lib/admin/actions/products.ts(460,7): error TS2353: Object literal may only specify known properties, and 'product_id' does not exist in type 'never[]'.
src/lib/admin/actions/products.ts(486,20): error TS2339: Property 'id' does not exist on type 'never'.
src/lib/admin/actions/products.ts(491,39): error TS2339: Property 'id' does not exist on type 'never'.
src/lib/admin/actions/products.ts(522,13): error TS2345: Argument of type '{ sku: string | undefined; size: string | null; color: string | null; material: string | null; metal: string | null; gemstone: string | null; ring_size: string | null; chain_length_cm: number | null; ... 5 more ...; position: number | undefined; }' is not assignable to parameter of type 'never'.
src/lib/admin/actions/products.ts(544,32): error TS2339: Property 'product_id' does not exist on type 'never'.
src/lib/admin/actions/products.ts(546,41): error TS2339: Property 'product_id' does not exist on type 'never'.
src/lib/admin/actions/products.ts(547,41): error TS2339: Property 'product_id' does not exist on type 'never'.
src/lib/admin/actions/products.ts(561,11): error TS2339: Property 'stock_quantity' does not exist on type 'never'.
src/lib/admin/actions/products.ts(561,37): error TS2339: Property 'reserved_quantity' does not exist on type 'never'.
src/lib/admin/actions/products.ts(573,32): error TS2339: Property 'product_id' does not exist on type 'never'.
src/lib/admin/actions/products.ts(575,41): error TS2339: Property 'product_id' does not exist on type 'never'.
src/lib/admin/actions/products.ts(576,41): error TS2339: Property 'product_id' does not exist on type 'never'.
src/lib/admin/actions/slug.ts(21,43): error TS2339: Property 'slug' does not exist on type 'never'.
src/lib/admin/actions/slug.ts(36,43): error TS2339: Property 'slug' does not exist on type 'never'.
src/lib/admin/actions/tree.ts(37,63): error TS2339: Property 'slug' does not exist on type 'never'.
src/lib/admin/actions/tree.ts(57,24): error TS2353: Object literal may only specify known properties, and 'slug' does not exist in type 'never[]'.
src/lib/admin/actions/tree.ts(66,20): error TS2339: Property 'id' does not exist on type 'never'.
src/lib/admin/actions/tree.ts(70,39): error TS2339: Property 'id' does not exist on type 'never'.
src/lib/admin/actions/tree.ts(84,62): error TS2345: Argument of type '{ name: string; display_order: number; is_active: boolean; description?: string | null | undefined; parent_id?: string | null | undefined; }' is not assignable to parameter of type 'never'.
src/lib/admin/actions/tree.ts(84,77): error TS2345: Argument of type 'string | undefined' is not assignable to parameter of type '{}'.
  Type 'undefined' is not assignable to type '{}'.
src/lib/admin/actions/tree.ts(104,13): error TS2345: Argument of type '{ is_active: boolean; }' is not assignable to parameter of type 'never'.
src/lib/admin/actions/tree.ts(123,13): error TS2345: Argument of type '{ is_active: boolean; }' is not assignable to parameter of type 'never'.
src/lib/admin/actions/tree.ts(163,63): error TS2339: Property 'slug' does not exist on type 'never'.
src/lib/admin/actions/tree.ts(189,24): error TS2353: Object literal may only specify known properties, and 'slug' does not exist in type 'never[]'.
src/lib/admin/actions/tree.ts(202,31): error TS2339: Property 'id' does not exist on type 'never'.
src/lib/admin/actions/tree.ts(210,20): error TS2339: Property 'id' does not exist on type 'never'.
src/lib/admin/actions/tree.ts(214,39): error TS2339: Property 'id' does not exist on type 'never'.
src/lib/admin/actions/tree.ts(230,13): error TS2345: Argument of type '{ hero_image_url: string | null; name: string; is_active: boolean; is_featured: boolean; description?: string | null | undefined; subtitle?: string | null | undefined; launch_at?: string | null | undefined; end_at?: string | ... 1 more ... | undefined; }' is not assignable to parameter of type 'never'.
src/lib/admin/actions/tree.ts(231,15): error TS2345: Argument of type 'string | undefined' is not assignable to parameter of type '{}'.
  Type 'undefined' is not assignable to type '{}'.
src/lib/admin/actions/tree.ts(236,72): error TS2345: Argument of type 'string | undefined' is not assignable to parameter of type 'string'.
  Type 'undefined' is not assignable to type 'string'.
src/lib/admin/actions/tree.ts(239,7): error TS2345: Argument of type '{ product_id: string; collection_id: string | undefined; display_order: number; }[]' is not assignable to parameter of type 'RejectExcessProperties<Record<string, unknown> & { product_id: string; collection_id: string; display_order?: number | undefined; }, Record<string, unknown> & { product_id: string; collection_id: string; display_order?: number | undefined; }> | RejectExcessProperties<...>[]'.
  Type '{ product_id: string; collection_id: string | undefined; display_order: number; }[]' is not assignable to type 'RejectExcessProperties<Record<string, unknown> & { product_id: string; collection_id: string; display_order?: number | undefined; }, Record<string, unknown> & { product_id: string; collection_id: string; display_order?: number | undefined; }>[]'.
    Type '{ product_id: string; collection_id: string | undefined; display_order: number; }' is not assignable to type 'RejectExcessProperties<Record<string, unknown> & { product_id: string; collection_id: string; display_order?: number | undefined; }, Record<string, unknown> & { product_id: string; collection_id: string; display_order?: number | undefined; }>'.
      Type '{ product_id: string; collection_id: string | undefined; display_order: number; }' is not assignable to type '{ product_id: string; collection_id: string; display_order?: number | undefined; }'.
        Types of property 'collection_id' are incompatible.
          Type 'string | undefined' is not assignable to type 'string'.
            Type 'undefined' is not assignable to type 'string'.
src/lib/admin/actions/tree.ts(264,13): error TS2345: Argument of type '{ is_active: boolean; }' is not assignable to parameter of type 'never'.
src/lib/admin/actions/tree.ts(283,13): error TS2345: Argument of type '{ is_active: boolean; }' is not assignable to parameter of type 'never'.
src/lib/admin/actions/users.ts(41,35): error TS2339: Property 'role' does not exist on type 'never'.
src/lib/admin/actions/users.ts(46,15): error TS2345: Argument of type '{ role: "staff" | "admin" | "customer"; }' is not assignable to parameter of type 'never'.
src/lib/admin/actions/users.ts(51,17): error TS2353: Object literal may only specify known properties, and 'user_id' does not exist in type 'never[]'.
src/lib/admin/actions/users.ts(85,9): error TS2561: Object literal may only specify known properties, but 'key' does not exist in type 'never[]'. Did you mean to write 'keys'?
src/lib/admin/queries/customers.ts(70,9): error TS2322: Type '{ id: unknown; email: unknown; fullName: unknown; phone: unknown; createdAt: unknown; ordersCount: number; totalSpentCents: number; }[]' is not assignable to type 'AdminCustomerRow[]'.
  Type '{ id: unknown; email: unknown; fullName: unknown; phone: unknown; createdAt: unknown; ordersCount: number; totalSpentCents: number; }' is not assignable to type 'AdminCustomerRow'.
    Types of property 'id' are incompatible.
      Type 'unknown' is not assignable to type 'string'.
src/lib/admin/queries/customers.ts(71,28): error TS2345: Argument of type 'unknown' is not assignable to parameter of type 'string'.
src/lib/admin/queries/delivery.ts(29,34): error TS2339: Property 'zone_id' does not exist on type 'never'.
src/lib/admin/queries/delivery.ts(31,21): error TS2339: Property 'zone_id' does not exist on type 'never'.
src/lib/admin/queries/inventory.ts(28,11): error TS2339: Property 'data' does not exist on type '[PostgrestSingleResponse<null>, PostgrestSingleResponse<null>, PostgrestSingleResponse<never[]>]'.
src/lib/admin/queries/inventory.ts(28,26): error TS2339: Property 'data' does not exist on type '[PostgrestSingleResponse<null>, PostgrestSingleResponse<null>, PostgrestSingleResponse<never[]>]'.
src/lib/admin/queries/inventory.ts(28,41): error TS2339: Property 'data' does not exist on type '[PostgrestSingleResponse<null>, PostgrestSingleResponse<null>, PostgrestSingleResponse<never[]>]'.
src/lib/admin/queries/orders.ts(112,5): error TS7053: Element implicitly has an 'any' type because expression of type 'any' can't be used to index type 'Record<OrderStatus, number>'.
src/lib/admin/queries/orders.ts(112,16): error TS2339: Property 'status' does not exist on type 'never'.
src/lib/admin/queries/orders.ts(112,27): error TS7053: Element implicitly has an 'any' type because expression of type 'any' can't be used to index type 'Record<OrderStatus, number>'.
src/lib/admin/queries/orders.ts(112,38): error TS2339: Property 'status' does not exist on type 'never'.
src/lib/admin/queries/products.ts(165,22): error TS2339: Property 'collection_id' does not exist on type 'never'.
src/lib/admin/queries/products.ts(165,41): error TS2339: Property 'display_order' does not exist on type 'never'.
src/lib/admin/queries/tree.ts(48,20): error TS2339: Property 'collection_id' does not exist on type 'never'.
src/lib/admin/queries/tree.ts(48,51): error TS2339: Property 'collection_id' does not exist on type 'never'.
src/lib/admin/queries/tree.ts(73,22): error TS2339: Property 'product_id' does not exist on type 'never'.
src/lib/admin/queries/tree.ts(73,38): error TS2339: Property 'display_order' does not exist on type 'never'.
src/lib/queries/cart.ts(51,15): error TS2353: Object literal may only specify known properties, and 'user_id' does not exist in type 'never[]'.
src/lib/queries/cart.ts(79,25): error TS2339: Property 'id' does not exist on type 'never'.
src/lib/queries/cart.ts(120,26): error TS2339: Property 'storage_path' does not exist on type 'never'.
src/lib/queries/cart.ts(154,14): error TS2339: Property 'id' does not exist on type 'never'.
src/lib/queries/cart.ts(211,25): error TS2339: Property 'id' does not exist on type 'never'.
src/lib/queries/cart.ts(218,15): error TS2345: Argument of type '{ quantity: any; }' is not assignable to parameter of type 'never'.
src/lib/queries/cart.ts(218,36): error TS2339: Property 'quantity' does not exist on type 'never'.
src/lib/queries/cart.ts(219,26): error TS2339: Property 'id' does not exist on type 'never'.
src/lib/queries/cart.ts(222,7): error TS2353: Object literal may only specify known properties, and 'cart_id' does not exist in type 'never[]'.
src/lib/queries/cart.ts(222,21): error TS2339: Property 'id' does not exist on type 'never'.
src/lib/queries/cart.ts(233,13): error TS2345: Argument of type '{ last_activity_at: string; }' is not assignable to parameter of type 'never'.
src/lib/queries/cart.ts(234,20): error TS2339: Property 'id' does not exist on type 'never'.
src/lib/queries/cart.ts(254,13): error TS2345: Argument of type '{ quantity: number; }' is not assignable to parameter of type 'never'.
src/lib/queries/cart.ts(272,65): error TS2339: Property 'id' does not exist on type 'never'.
src/lib/queries/catalogue.ts(117,23): error TS2339: Property 'id' does not exist on type 'never'.
src/lib/queries/catalogue.ts(121,25): error TS2339: Property 'id' does not exist on type 'never'.
src/lib/queries/catalogue.ts(199,51): error TS2339: Property 'product_id' does not exist on type 'never'.
src/lib/queries/catalogue.ts(333,14): error TS2339: Property 'category_id' does not exist on type 'never'.
src/lib/queries/catalogue.ts(334,20): error TS2339: Property 'category_id' does not exist on type 'never'.
src/lib/queries/catalogue.ts(334,49): error TS2339: Property 'category_id' does not exist on type 'never'.
src/lib/queries/wishlist.ts(24,15): error TS2353: Object literal may only specify known properties, and 'user_id' does not exist in type 'never[]'.
src/lib/queries/wishlist.ts(39,33): error TS2339: Property 'id' does not exist on type 'never'.
src/lib/queries/wishlist.ts(40,37): error TS2339: Property 'product_id' does not exist on type 'never'.
src/lib/queries/wishlist.ts(52,33): error TS2339: Property 'id' does not exist on type 'never'.
src/lib/queries/wishlist.ts(57,70): error TS2339: Property 'id' does not exist on type 'never'.
src/lib/queries/wishlist.ts(61,17): error TS2353: Object literal may only specify known properties, and 'wishlist_id' does not exist in type 'never[]'.
src/lib/queries/wishlist.ts(61,39): error TS2339: Property 'id' does not exist on type 'never'.
src/lib/queries/wishlist.ts(75,33): error TS2339: Property 'id' does not exist on type 'never'.
src/lib/supabase/middleware.ts(22,16): error TS7006: Parameter 'cookiesToSet' implicitly has an 'any' type.
src/lib/supabase/server.ts(25,16): error TS7006: Parameter 'cookiesToSet' implicitly has an 'any' type.
